src/components/DocumentBuilder/RichTextVariableEditor.tsx(2,35): error TS2307: Cannot find module 'react-quill' or its corresponding type declarations.
src/pages/Dashboard/LodgeDashboardLayout.tsx(2,26): error TS6133: 'RouterLink' is declared but its value is never read.
src/pages/Documents/BalaustreEditor.tsx(547,36): error TS7006: Parameter 'value' implicitly has an 'any' type.
src/pages/LodgeSelectionPage.tsx(32,12): error TS2769: No overload matches this call.
  Overload 1 of 2, '(props: { component: ElementType<any, keyof IntrinsicElements>; } & ListItemOwnProps & CommonProps & Omit<any, "children" | ... 15 more ... | "secondaryAction">): Element | null', gave the following error.
    Property 'component' is missing in type '{ children: Element; key: string; button: true; onClick: () => Promise<void>; }' but required in type '{ component: ElementType<any, keyof IntrinsicElements>; }'.
  Overload 2 of 2, '(props: DefaultComponentProps<ListItemTypeMap<{}, "li">>): Element | null', gave the following error.
    Type '{ children: Element; key: string; button: true; onClick: () => Promise<void>; }' is not assignable to type 'IntrinsicAttributes & ListItemOwnProps & CommonProps & Omit<DetailedHTMLProps<LiHTMLAttributes<HTMLLIElement>, HTMLLIElement>, "children" | ... 15 more ... | "secondaryAction">'.
      Property 'button' does not exist on type 'IntrinsicAttributes & ListItemOwnProps & CommonProps & Omit<DetailedHTMLProps<LiHTMLAttributes<HTMLLIElement>, HTMLLIElement>, "children" | ... 15 more ... | "secondaryAction">'.
src/pages/Management/MemberForm.tsx(741,67): error TS2339: Property 'DEMITTED' does not exist on type 'typeof MemberStatusEnum'.
src/pages/RolesPage.tsx(313,18): error TS2769: No overload matches this call.
  Overload 1 of 2, '(props: { component: ElementType<any, keyof IntrinsicElements>; } & ListItemOwnProps & CommonProps & Omit<any, "children" | ... 15 more ... | "secondaryAction">): Element | null', gave the following error.
    Property 'component' is missing in type '{ children: Element[]; key: number; button: true; onClick: () => void; }' but required in type '{ component: ElementType<any, keyof IntrinsicElements>; }'.
  Overload 2 of 2, '(props: DefaultComponentProps<ListItemTypeMap<{}, "li">>): Element | null', gave the following error.
    Type '{ children: Element[]; key: number; button: true; onClick: () => void; }' is not assignable to type 'IntrinsicAttributes & ListItemOwnProps & CommonProps & Omit<DetailedHTMLProps<LiHTMLAttributes<HTMLLIElement>, HTMLLIElement>, "children" | ... 15 more ... | "secondaryAction">'.
      Property 'button' does not exist on type 'IntrinsicAttributes & ListItemOwnProps & CommonProps & Omit<DetailedHTMLProps<LiHTMLAttributes<HTMLLIElement>, HTMLLIElement>, "children" | ... 15 more ... | "secondaryAction">'.
