============================= test session starts =============================
platform win32 -- Python 3.13.2, pytest-7.4.3, pluggy-1.6.0 -- C:\Users\engan\AppData\Local\Programs\Python\Python313\python.exe
cachedir: .pytest_cache
rootdir: C:\Users\engan\OneDrive\Área de Trabalho\sigma\backend
configfile: pytest.ini
plugins: anyio-3.7.1, Faker-20.1.0, asyncio-0.21.1, cov-4.1.0, mock-3.12.0
asyncio: mode=Mode.STRICT
collecting ... collected 3 items

tests/test_classified_routes.py::test_create_and_get_classified FAILED   [ 33%]
tests/test_library_routes.py::test_create_and_get_book FAILED            [ 66%]
pytest : C:\Users\engan\App
Data\Local\Programs\Python\
Python313\Lib\site-packages
\coverage\report_core.py:10
9: CoverageWarning: 
Couldn't parse Python file 
'C:\Users\engan\OneDrive\Ár
ea de Trabalho\sigma\backen
d\update_main_template.py' 
(couldnt-parse)
No linha:1 caractere:1
+ pytest tests/test_classif
ied_routes.py tests/test_li
brary_routes.py - ...
+ ~~~~~~~~~~~~~~~~~~~~~~~~~
~~~~~~~~~~~~~~~~~~~~~~~~~~~
~~~~~~~~~~~~~~~~~
    + CategoryInfo         
     : NotSpecified: (C:\  
  Users\engan\...(couldn   
 t-parse):String) [], R    
emoteException
    + FullyQualifiedErrorI 
   d : NativeCommandError
 
  coverage._warn(msg, 
slug="couldnt-parse")
tests/test_library_routes.py::test_list_books_unauthorized PASSED        [100%]

================================== FAILURES ===================================
_______________________ test_create_and_get_classified ________________________
tests\test_classified_routes.py:14: in test_create_and_get_classified
    response = client.post(
..\..\..\..\AppData\Local\Programs\Python\Python313\Lib\site-packages\starlette\testclient.py:590: in post
    return super().post(
..\..\..\..\AppData\Local\Programs\Python\Python313\Lib\site-packages\httpx\_client.py:1132: in post
    return self.request(
..\..\..\..\AppData\Local\Programs\Python\Python313\Lib\site-packages\starlette\testclient.py:465: in request
    return super().request(
..\..\..\..\AppData\Local\Programs\Python\Python313\Lib\site-packages\httpx\_client.py:814: in request
    return self.send(request, auth=auth, follow_redirects=follow_redirects)
..\..\..\..\AppData\Local\Programs\Python\Python313\Lib\site-packages\httpx\_client.py:901: in send
    response = self._send_handling_auth(
..\..\..\..\AppData\Local\Programs\Python\Python313\Lib\site-packages\httpx\_client.py:929: in _send_handling_auth
    response = self._send_handling_redirects(
..\..\..\..\AppData\Local\Programs\Python\Python313\Lib\site-packages\httpx\_client.py:966: in _send_handling_redirects
    response = self._send_single_request(request)
..\..\..\..\AppData\Local\Programs\Python\Python313\Lib\site-packages\httpx\_client.py:1002: in _send_single_request
    response = transport.handle_request(request)
..\..\..\..\AppData\Local\Programs\Python\Python313\Lib\site-packages\starlette\testclient.py:342: in handle_request
    raise exc
..\..\..\..\AppData\Local\Programs\Python\Python313\Lib\site-packages\starlette\testclient.py:339: in handle_request
    portal.call(self.app, scope, receive, send)
..\..\..\..\AppData\Local\Programs\Python\Python313\Lib\site-packages\anyio\from_thread.py:277: in call
    return cast(T_Retval, self.start_task_soon(func, *args).result())
..\..\..\..\AppData\Local\Programs\Python\Python313\Lib\concurrent\futures\_base.py:456: in result
    return self.__get_result()
..\..\..\..\AppData\Local\Programs\Python\Python313\Lib\concurrent\futures\_base.py:401: in __get_result
    raise self._exception
..\..\..\..\AppData\Local\Programs\Python\Python313\Lib\site-packages\anyio\from_thread.py:217: in _call_func
    retval = await retval
..\..\..\..\AppData\Local\Programs\Python\Python313\Lib\site-packages\fastapi\applications.py:1106: in __call__
    await super().__call__(scope, receive, send)
..\..\..\..\AppData\Local\Programs\Python\Python313\Lib\site-packages\starlette\applications.py:122: in __call__
    await self.middleware_stack(scope, receive, send)
..\..\..\..\AppData\Local\Programs\Python\Python313\Lib\site-packages\starlette\middleware\errors.py:184: in __call__
    raise exc
..\..\..\..\AppData\Local\Programs\Python\Python313\Lib\site-packages\starlette\middleware\errors.py:162: in __call__
    await self.app(scope, receive, _send)
..\..\..\..\AppData\Local\Programs\Python\Python313\Lib\site-packages\starlette\middleware\cors.py:83: in __call__
    await self.app(scope, receive, send)
..\..\..\..\AppData\Local\Programs\Python\Python313\Lib\site-packages\starlette\middleware\exceptions.py:79: in __call__
    raise exc
..\..\..\..\AppData\Local\Programs\Python\Python313\Lib\site-packages\starlette\middleware\exceptions.py:68: in __call__
    await self.app(scope, receive, sender)
..\..\..\..\AppData\Local\Programs\Python\Python313\Lib\site-packages\fastapi\middleware\asyncexitstack.py:20: in __call__
    raise e
..\..\..\..\AppData\Local\Programs\Python\Python313\Lib\site-packages\fastapi\middleware\asyncexitstack.py:17: in __call__
    await self.app(scope, receive, send)
..\..\..\..\AppData\Local\Programs\Python\Python313\Lib\site-packages\starlette\routing.py:718: in __call__
    await route.handle(scope, receive, send)
..\..\..\..\AppData\Local\Programs\Python\Python313\Lib\site-packages\starlette\routing.py:276: in handle
    await self.app(scope, receive, send)
..\..\..\..\AppData\Local\Programs\Python\Python313\Lib\site-packages\starlette\routing.py:66: in app
    response = await func(request)
..\..\..\..\AppData\Local\Programs\Python\Python313\Lib\site-packages\fastapi\routing.py:292: in app
    content = await serialize_response(
..\..\..\..\AppData\Local\Programs\Python\Python313\Lib\site-packages\fastapi\routing.py:155: in serialize_response
    raise ResponseValidationError(
E   fastapi.exceptions.ResponseValidationError: 1 validation errors:
E     {'type': 'int_parsing', 'loc': ('response', 'member_id'), 'msg': 'Input should be a valid integer, unable to parse string as an integer', 'input': 'webmaster@teste.com', 'url': 'https://errors.pydantic.dev/2.11/v/int_parsing'}
---------------------------- Captured stdout setup ----------------------------
Test environment detected. Skipping background scheduler.
Authenticating user with identifier: webmaster@teste.com
Found webmaster: webmaster_test
Password verified: True
----------------------------- Captured log setup ------------------------------
WARNING  passlib.handlers.bcrypt:bcrypt.py:622 (trapped) error reading bcrypt version
Traceback (most recent call last):
  File "C:\Users\engan\AppData\Local\Programs\Python\Python313\Lib\site-packages\passlib\handlers\bcrypt.py", line 620, in _load_backend_mixin
    version = _bcrypt.__about__.__version__
              ^^^^^^^^^^^^^^^^^
AttributeError: module 'bcrypt' has no attribute '__about__'
__________________________ test_create_and_get_book ___________________________
tests\test_library_routes.py:78: in test_create_and_get_book
    assert response.status_code in [201, 400, 404]
E   assert 422 in [201, 400, 404]
E    +  where 422 = <Response [422 Unprocessable Entity]>.status_code
---------------------------- Captured stdout setup ----------------------------
Test environment detected. Skipping background scheduler.
Authenticating user with identifier: webmaster@teste.com
Found webmaster: webmaster_test
Password verified: True

---------- coverage: platform win32, python 3.13.2-final-0 -----------
Name                                                           Stmts   Miss  Cover   Missing
--------------------------------------------------------------------------------------------
config.py                                                         12      1    92%   9
controllers\__init__.py                                            0      0   100%
create_components.py                                               9      9     0%   1-137
database.py                                                       30     11    63%   18, 40-44, 49-59
debug_balaustre_test.py                                            0      0   100%
dependencies.py                                                   97     74    24%   24, 34-45, 57-63, 69-105, 125-159, 172-177, 185-190, 197-201
drop_alembic_version.py                                           14     14     0%   1-16
main.py                                                           64      2    97%   184, 259
middleware\__init__.py                                             0      0   100%
models\__init__.py                                                 2      0   100%
models\external_models.py                                         10     10     0%   1-18
models\finance_models.py                                          75      0   100%
models\global_models.py                                           15     15     0%   1-24
models\models.py                                                 622      5    99%   201-205
routes\__init__.py                                                 0      0   100%
routes\admin_template_routes.py                                   47     33    30%   27-55, 69-93
routes\administration_routes.py                                   28     10    64%   21-24, 31-34, 44, 53
routes\attendance_routes.py                                       18      3    83%   30, 45, 62
routes\auth_routes.py                                             75     43    43%   38, 55-57, 61-63, 70-97, 121-161
routes\check_in_routes.py                                         10      1    90%   27
routes\classified_routes.py                                       36     10    72%   52-53, 62, 69, 76-77, 85, 94, 102-103
routes\committee_routes.py                                        28     12    57%   21-24, 32-35, 44-45, 53-54
routes\dashboard_routes.py                                       154    140     9%   19-259, 279-410
routes\document_routes.py                                         47     25    47%   18, 32-36, 43-45, 52-54, 63-81
routes\event_routes.py                                            40     12    70%   29, 39, 51, 66, 80-81, 99, 114, 128, 143, 157-158
routes\external_lodge_routes.py                                   15      6    60%   23-45
routes\financial_routes.py                                        71     43    39%   17-19, 39-42, 59-62, 77-78, 92-94, 110-118, 134-135, 150-162, 177-186, 197-203
routes\library_routes.py                                         100     53    47%   21-25, 34-38, 61-62, 75, 89, 93-94, 103-111, 120-128, 138-142, 152-157, 166-174, 182-187
routes\lodge_routes.py                                           155    123    21%   31, 42-43, 54-57, 74-87, 102-105, 124-135, 149-180, 198-221, 235-307, 321-363
routes\member_role_routes.py                                      59     49    17%   22-91, 102-138
routes\member_routes.py                                          294    257    13%   29-32, 48-66, 82-105, 121-180, 195-221, 237-296, 311-332, 349-380, 396-418, 518-636, 661-683
routes\notice_routes.py                                           39     21    46%   16-27, 39, 47-48, 58-62, 71-72
routes\obedience_routes.py                                        31     15    52%   25, 33-34, 40-43, 54-57, 67-70
routes\permission_routes.py                                       38     21    45%   16-20, 29-32, 42-43, 50-53, 63-66, 73-76
routes\publication_routes.py                                      58     39    33%   17-49, 53-73, 87-88, 101-149, 164-165
routes\report_routes.py                                           22     11    50%   28-55
routes\role_routes.py                                             38     21    45%   16-20, 29-32, 43-44, 51-54, 64-67, 74-77
routes\session_routes.py                                         184    116    37%   29-32, 46, 68, 91, 109, 124, 141, 158, 172, 186, 206, 226, 246, 265, 280, 302, 323-353, 372-408, 420-421, 435, 450-515, 531-545, 561, 577, 592, 613, 633, 655-659, 678
routes\super_admin_routes.py                                      43     23    47%   20-23, 33-34, 41, 50-53, 63-68, 77-80, 89-92
routes\template_routes.py                                         40     27    32%   19-39, 49-53, 61-116
routes\visitor_routes.py                                          25     16    36%   24-55
routes\webmaster_routes.py                                        37     19    49%   21-22, 29-32, 41, 51-56, 63-66, 73-76
run.py                                                             9      9     0%   1-17
scheduler.py                                                      63     52    17%   20-89, 96-103, 109-113, 119-120
schemas\__init__.py                                               26      0   100%
schemas\administration_schema.py                                  50      0   100%
schemas\administrative_process_schema.py                          18      0   100%
schemas\association_schema.py                                     21      0   100%
schemas\attendance_schema.py                                      18      0   100%
schemas\auth_schema.py                                            48      0   100%
schemas\book_schema.py                                            30      0   100%
schemas\calendar_schema.py                                        16      0   100%
schemas\classified_schema.py                                      49      0   100%
schemas\committee_schema.py                                       32      0   100%
schemas\decoration_schema.py                                      15      0   100%
schemas\document_schema.py                                        23      0   100%
schemas\document_settings_schema.py                              115      0   100%
schemas\event_schema.py                                           20      0   100%
schemas\external_lodge_schema.py                                  11      0   100%
schemas\family_member_schema.py                                   26      0   100%
schemas\financial_transaction_schema.py                          103      0   100%
schemas\library_item_schema.py                                    25      0   100%
schemas\loan_schema.py                                            26      0   100%
schemas\lodge_schema.py                                          179     78    56%   36-41, 47-53, 59-64, 70-75, 81-91, 97-104, 110-115, 121-132, 138-143, 149-153, 159-164, 169-182
schemas\masonic_session_schema.py                                170     81    52%   38-46, 52-61, 67-74, 80-87, 92-113, 118-125, 135-152, 189-194, 200-206, 212-215, 221-224, 229-240
schemas\member_role_schema.py                                     28     10    64%   17-21, 32-36
schemas\member_schema.py                                         247     73    70%   107-122, 128-139, 145-153, 159-167, 173-181, 187-204, 209-238, 248-258
schemas\notice_schemas.py                                         25      0   100%
schemas\obedience_schema.py                                       44      0   100%
schemas\password_schema.py                                         4      4     0%   1-5
schemas\permission_schema.py                                      14      0   100%
schemas\publication_schemas.py                                    28      0   100%
schemas\role_history_schema.py                                    21      0   100%
schemas\role_schema.py                                            23      0   100%
schemas\session_attendance_schema.py                              39      0   100%
schemas\super_admin_schema.py                                     23      0   100%
schemas\template_schema.py                                        15      0   100%
schemas\visit_schema.py                                           14      0   100%
schemas\visitor_checkin_schema.py                                  5      0   100%
schemas\visitor_schema.py                                         24      0   100%
schemas\waitlist_schema.py                                        27      0   100%
schemas\webmaster_schema.py                                       20      0   100%
services\__init__.py                                               0      0   100%
services\administration_service.py                                55     45    18%   10, 26, 45-72, 83-119, 122-128, 133-141
services\attendance_service.py                                   104     93    11%   18-35, 48-49, 67-115, 124-153, 164-308
services\auth_service.py                                          78     57    27%   30-34, 52-53, 58-73, 99-132, 144-175, 182-197
services\book_service.py                                          64     31    52%   13-38, 45, 69, 75-76, 87-97, 101-107
services\classified_service.py                                   175    143    18%   22-29, 35-42, 70-85, 95-135, 143-173, 176-180, 183-187, 190-193, 196-212, 215-238, 246-263, 266-296
services\committee_service.py                                     57     47    18%   11-18, 21, 30-72, 75-111, 114-119
services\document_generation_service.py                          504    446    12%   33-36, 47-75, 84-109, 118-142, 145-149, 153-172, 181-246, 254-279, 282-288, 292-309, 318-409, 415-533, 539-555, 561-587, 591-603, 607-629, 639-641, 644-646, 649-656, 660-770, 778-791, 799-839, 843-848, 855-868, 874-883, 886-918, 926-972, 975-1000, 1006-1038, 1044-1105, 1109
services\document_service.py                                      69     57    17%   29-95, 102-108, 115-118, 125-140, 147-155
services\document_strategies\balaustre_strategy.py               152    142     7%   10, 13, 17-228, 238-436
services\document_strategies\base_strategy.py                     62     46    26%   15, 25, 30, 35, 41-81, 87-107, 123-354
services\document_strategies\certificate_strategy.py              34     25    26%   10, 13, 18-63
services\document_strategies\congratulation_strategy.py           33     24    27%   10, 13, 17-59
services\document_strategies\electoral_balaustre_strategy.py      16      9    44%   12, 16-23, 30-50
services\document_strategies\invitation_strategy.py               25     16    36%   10, 13, 17-51
services\document_strategies\prancha_strategy.py                 126    116     8%   10, 13, 16-111, 119-241
services\email_service.py                                         18     14    22%   7-11, 18-20, 24-26, 30-32
services\event_service.py                                         82     67    18%   18-28, 35-44, 51-54, 63-70, 77-80, 91-110, 117-122, 131-142, 151-167, 174-177
services\financial_service.py                                     78     63    19%   9-15, 18-24, 28-31, 34-38, 41-53, 62-68, 71-72, 78-83, 86-97, 100-106
services\geo_service.py                                           15     12    20%   7-20, 26-30
services\library_item_service.py                                  47     20    57%   14, 30, 38, 43-53, 57-67
services\loan_service.py                                         122     90    26%   13-19, 25-45, 50-74, 78-83, 87, 97-111, 117-176, 180-205, 209, 213, 222-239
services\lodge_service.py                                         60     49    18%   13, 18-19, 27-98, 103-113, 118-124
services\member_service.py                                        97     83    14%   11-23, 28, 38, 44-87, 96-171, 178-191, 196-209, 216-226, 231-246
services\notice_service.py                                        36     22    39%   11-19, 23-27, 31-40, 44-47
services\obedience_service.py                                     59     47    20%   14, 21-24, 31-82, 89-99, 104-110
services\payment_gateway_service.py                                6      6     0%   1-27
services\pdf_service.py                                           13      8    38%   7-27, 31
services\permission_service.py                                    32     23    28%   8, 12, 16, 20-24, 30-40, 44-50
services\publication_service.py                                   62     41    34%   19, 30-82, 86, 93-111
services\report_service.py                                        27     18    33%   18-91
services\role_service.py                                          42     33    21%   8, 12, 16-19, 23-34, 38-53, 57-63
services\session_service.py                                      369    332    10%   19-49, 62-101, 108-119, 126-140, 157-262, 269-282, 295-318, 331-362, 372-387, 396-397, 405-412, 422-438, 445-455, 462-472, 481-503, 512-515, 529-542, 556-568, 580-583, 595-598, 607-609, 625-657, 668-718, 734-792, 800-814, 827-846, 861-920, 930-987
services\super_admin_service.py                                   57     42    26%   13, 17, 21, 25-32, 36-50, 54-59, 63-76, 80-84
services\template_service.py                                      41     34    17%   7, 10-24, 28-61
services\webmaster_service.py                                     47     35    26%   12, 16, 20-32, 36-49, 53-59, 63-76
test_debug_styles.py                                              41     41     0%   1-68
test_modular_gen.py                                               27     27     0%   1-64
tests\__init__.py                                                  0      0   100%
tests\conftest.py                                                112     29    74%   135-143, 149-173, 192-200, 206-215, 221-231
tests\test_auth.py                                                25     25     0%   1-49
tests\test_classified_routes.py                                   23     19    17%   19-66
tests\test_dashboard_routes.py                                    28     28     0%   1-45
tests\test_financial_routes.py                                    71     71     0%   1-190
tests\test_library_routes.py                                      29      0   100%
tests\test_lodge_lifecycle.py                                     31     31     0%   1-75
tests\test_lodges.py                                              36     36     0%   1-87
tests\test_members.py                                             51     51     0%   1-126
tests\test_members_roles.py                                       34     34     0%   1-105
tests\test_notice_routes.py                                       20     20     0%   1-53
tests\test_obedience.py                                           55     55     0%   1-133
tests\test_permissions.py                                         53     53     0%   1-111
tests\test_roles.py                                               58     58     0%   1-139
tests\test_schemas.py                                            125    125     0%   7-356
tests\test_session_management.py                                  27     27     0%   1-82
tests\test_validators.py                                         125    125     0%   7-286
tests\test_visitor_checkin.py                                     82     82     0%   1-190
update_main_template_script.py                                     7      7     0%   1-20
utils\__init__.py                                                  0      0   100%
utils\auth_utils.py                                               27      7    74%   15, 34-39
utils\image_validator.py                                          69     69     0%   11-234
utils\password_utils.py                                            7      0   100%
utils\path_utils.py                                                8      4    50%   22-27
utils\validators.py                                               90     90     0%   8-297
--------------------------------------------------------------------------------------------
TOTAL                                                           8501   5047    41%
Coverage HTML written to dir htmlcov
Coverage XML written to file coverage.xml

=========================== short test summary info ===========================
FAILED tests/test_classified_routes.py::test_create_and_get_classified - fast...
FAILED tests/test_library_routes.py::test_create_and_get_book - assert 422 in...
========================= 2 failed, 1 passed in 4.13s =========================
